// Jest Snapshot v1, https://goo.gl/fbAQLP

exports[`renders correctly 1`] = `
<View
  accessibilityState={
    {
      "busy": undefined,
      "checked": undefined,
      "disabled": undefined,
      "expanded": undefined,
      "selected": undefined,
    }
  }
  accessibilityValue={
    {
      "max": undefined,
      "min": undefined,
      "now": undefined,
      "text": undefined,
    }
  }
  accessible={true}
  collapsable={false}
  focusable={false}
  onClick={[Function]}
  onResponderGrant={[Function]}
  onResponderMove={[Function]}
  onResponderRelease={[Function]}
  onResponderTerminate={[Function]}
  onResponderTerminationRequest={[Function]}
  onStartShouldSetResponder={[Function]}
  style={
    {
      "alignItems": "center",
      "borderColor": "#188",
      "borderWidth": 1,
      "justifyContent": "center",
      "opacity": 1,
      "paddingHorizontal": 5,
      "paddingVertical": 5,
    }
  }
>
  <Text
    style={
      {
        "color": "#1f1f1f",
        "fontSize": 18,
        "fontWeight": 600,
      }
    }
  >
    Login
  </Text>
</View>
`;
